
> ainews-client@2.0.0 start
> react-scripts start

[HPM] Proxy created: /  -> http://localhost:5000
(node:72041) [DEP_WEBPACK_DEV_SERVER_ON_AFTER_SETUP_MIDDLEWARE] DeprecationWarning: 'onAfterSetupMiddleware' option is deprecated. Please use the 'setupMiddlewares' option.
(Use `node --trace-deprecation ...` to show where the warning was created)
(node:72041) [DEP_WEBPACK_DEV_SERVER_ON_BEFORE_SETUP_MIDDLEWARE] DeprecationWarning: 'onBeforeSetupMiddleware' option is deprecated. Please use the 'setupMiddlewares' option.
Starting the development server...

Compiled with warnings.

[eslint] 
src/components/NewsList.js
  Line 11:3:   'Bookmark' is defined but never used                                                                          no-unused-vars
  Line 74:51:  'isRead' is assigned a value but never used                                                                   no-unused-vars
  Line 261:6:  React Hook useEffect has a missing dependency: 'fetchNews'. Either include it or remove the dependency array  react-hooks/exhaustive-deps

src/contexts/SocketContext.js
  Line 297:37:  The ref value 'reconnectTimer.current' will likely have changed by the time this effect cleanup function runs. If this ref points to a node rendered by React, copy 'reconnectTimer.current' to a variable inside the effect, and use that variable in the cleanup function  react-hooks/exhaustive-deps

src/contexts/UserDataContext.js
  Line 109:6:  React Hook useCallback has a missing dependency: 'isFavorite'. Either include it or remove the dependency array  react-hooks/exhaustive-deps

src/pages/FavoritesPage.js
  Line 8:3:   'Tag' is defined but never used     no-unused-vars
  Line 10:3:  'Filter' is defined but never used  no-unused-vars

src/pages/GlossaryPage.js
  Line 2:33:  'Tag' is defined but never used                                                                                   no-unused-vars
  Line 16:6:  React Hook useEffect has a missing dependency: 'fetchGlossary'. Either include it or remove the dependency array  react-hooks/exhaustive-deps

src/pages/HealthPage.js
  Line 9:3:    'Clock' is defined but never used                              no-unused-vars
  Line 12:3:   'AlertTriangle' is defined but never used                      no-unused-vars
  Line 13:3:   'Zap' is defined but never used                                no-unused-vars
  Line 20:21:  'ConnectionStatus' is defined but never used                   no-unused-vars
  Line 33:5:   'connectionStatus' is assigned a value but never used          no-unused-vars
  Line 36:5:   'getConnectionStatusColor' is assigned a value but never used  no-unused-vars
  Line 114:9:  'getStatusBadge' is assigned a value but never used            no-unused-vars

src/pages/SearchPage.js
  Line 19:31:  'format' is defined but never used                                                                                              no-unused-vars
  Line 190:6:  React Hook useCallback has a missing dependency: 'saveToHistory'. Either include it or remove the dependency array              react-hooks/exhaustive-deps
  Line 226:6:  React Hook useEffect has missing dependencies: 'performSearch' and 'query'. Either include them or remove the dependency array  react-hooks/exhaustive-deps

src/pages/SettingsPage.js
  Line 11:3:   'Globe' is defined but never used                      no-unused-vars
  Line 12:3:   'Trash2' is defined but never used                     no-unused-vars
  Line 13:3:   'Plus' is defined but never used                       no-unused-vars
  Line 14:3:   'Edit2' is defined but never used                      no-unused-vars
  Line 15:3:   'X' is defined but never used                          no-unused-vars
  Line 17:3:   'Activity' is defined but never used                   no-unused-vars
  Line 20:3:   'Eye' is defined but never used                        no-unused-vars
  Line 21:3:   'EyeOff' is defined but never used                     no-unused-vars
  Line 45:10:  'editingSource' is assigned a value but never used     no-unused-vars
  Line 45:25:  'setEditingSource' is assigned a value but never used  no-unused-vars
  Line 46:10:  'showAddSource' is assigned a value but never used     no-unused-vars
  Line 46:25:  'setShowAddSource' is assigned a value but never used  no-unused-vars
  Line 47:10:  'newSource' is assigned a value but never used         no-unused-vars
  Line 47:21:  'setNewSource' is assigned a value but never used      no-unused-vars

Search for the keywords to learn more about each warning.
To ignore, add // eslint-disable-next-line to the line before.

WARNING in [eslint] 
src/components/NewsList.js
  Line 11:3:   'Bookmark' is defined but never used                                                                          no-unused-vars
  Line 74:51:  'isRead' is assigned a value but never used                                                                   no-unused-vars
  Line 261:6:  React Hook useEffect has a missing dependency: 'fetchNews'. Either include it or remove the dependency array  react-hooks/exhaustive-deps

src/contexts/SocketContext.js
  Line 297:37:  The ref value 'reconnectTimer.current' will likely have changed by the time this effect cleanup function runs. If this ref points to a node rendered by React, copy 'reconnectTimer.current' to a variable inside the effect, and use that variable in the cleanup function  react-hooks/exhaustive-deps

src/contexts/UserDataContext.js
  Line 109:6:  React Hook useCallback has a missing dependency: 'isFavorite'. Either include it or remove the dependency array  react-hooks/exhaustive-deps

src/pages/FavoritesPage.js
  Line 8:3:   'Tag' is defined but never used     no-unused-vars
  Line 10:3:  'Filter' is defined but never used  no-unused-vars

src/pages/GlossaryPage.js
  Line 2:33:  'Tag' is defined but never used                                                                                   no-unused-vars
  Line 16:6:  React Hook useEffect has a missing dependency: 'fetchGlossary'. Either include it or remove the dependency array  react-hooks/exhaustive-deps

src/pages/HealthPage.js
  Line 9:3:    'Clock' is defined but never used                              no-unused-vars
  Line 12:3:   'AlertTriangle' is defined but never used                      no-unused-vars
  Line 13:3:   'Zap' is defined but never used                                no-unused-vars
  Line 20:21:  'ConnectionStatus' is defined but never used                   no-unused-vars
  Line 33:5:   'connectionStatus' is assigned a value but never used          no-unused-vars
  Line 36:5:   'getConnectionStatusColor' is assigned a value but never used  no-unused-vars
  Line 114:9:  'getStatusBadge' is assigned a value but never used            no-unused-vars

src/pages/SearchPage.js
  Line 19:31:  'format' is defined but never used                                                                                              no-unused-vars
  Line 190:6:  React Hook useCallback has a missing dependency: 'saveToHistory'. Either include it or remove the dependency array              react-hooks/exhaustive-deps
  Line 226:6:  React Hook useEffect has missing dependencies: 'performSearch' and 'query'. Either include them or remove the dependency array  react-hooks/exhaustive-deps

src/pages/SettingsPage.js
  Line 11:3:   'Globe' is defined but never used                      no-unused-vars
  Line 12:3:   'Trash2' is defined but never used                     no-unused-vars
  Line 13:3:   'Plus' is defined but never used                       no-unused-vars
  Line 14:3:   'Edit2' is defined but never used                      no-unused-vars
  Line 15:3:   'X' is defined but never used                          no-unused-vars
  Line 17:3:   'Activity' is defined but never used                   no-unused-vars
  Line 20:3:   'Eye' is defined but never used                        no-unused-vars
  Line 21:3:   'EyeOff' is defined but never used                     no-unused-vars
  Line 45:10:  'editingSource' is assigned a value but never used     no-unused-vars
  Line 45:25:  'setEditingSource' is assigned a value but never used  no-unused-vars
  Line 46:10:  'showAddSource' is assigned a value but never used     no-unused-vars
  Line 46:25:  'setShowAddSource' is assigned a value but never used  no-unused-vars
  Line 47:10:  'newSource' is assigned a value but never used         no-unused-vars
  Line 47:21:  'setNewSource' is assigned a value but never used      no-unused-vars

webpack compiled with 1 warning
(node:72041) [DEP0060] DeprecationWarning: The `util._extend` API is deprecated. Please use Object.assign() instead.
[代理] GET /api/news/latest?page=1&limit=12 -> http://localhost:5000/api/news/latest?page=1&limit=12
[代理] GET /api/news/status -> http://localhost:5000/api/news/status
[代理] GET /api/news/status -> http://localhost:5000/api/news/status
[代理] GET /api/news/latest?page=1&limit=12 -> http://localhost:5000/api/news/latest?page=1&limit=12
Compiling...
Compiled with warnings.

[eslint] 
src/components/NewsList.js
  Line 73:51:  'isRead' is assigned a value but never used                                                                   no-unused-vars
  Line 260:6:  React Hook useEffect has a missing dependency: 'fetchNews'. Either include it or remove the dependency array  react-hooks/exhaustive-deps

src/contexts/SocketContext.js
  Line 297:37:  The ref value 'reconnectTimer.current' will likely have changed by the time this effect cleanup function runs. If this ref points to a node rendered by React, copy 'reconnectTimer.current' to a variable inside the effect, and use that variable in the cleanup function  react-hooks/exhaustive-deps

src/contexts/UserDataContext.js
  Line 109:6:  React Hook useCallback has a missing dependency: 'isFavorite'. Either include it or remove the dependency array  react-hooks/exhaustive-deps

src/pages/FavoritesPage.js
  Line 8:3:   'Tag' is defined but never used     no-unused-vars
  Line 10:3:  'Filter' is defined but never used  no-unused-vars

src/pages/GlossaryPage.js
  Line 2:33:  'Tag' is defined but never used                                                                                   no-unused-vars
  Line 16:6:  React Hook useEffect has a missing dependency: 'fetchGlossary'. Either include it or remove the dependency array  react-hooks/exhaustive-deps

src/pages/HealthPage.js
  Line 9:3:    'Clock' is defined but never used                              no-unused-vars
  Line 12:3:   'AlertTriangle' is defined but never used                      no-unused-vars
  Line 13:3:   'Zap' is defined but never used                                no-unused-vars
  Line 20:21:  'ConnectionStatus' is defined but never used                   no-unused-vars
  Line 33:5:   'connectionStatus' is assigned a value but never used          no-unused-vars
  Line 36:5:   'getConnectionStatusColor' is assigned a value but never used  no-unused-vars
  Line 114:9:  'getStatusBadge' is assigned a value but never used            no-unused-vars

src/pages/SearchPage.js
  Line 19:31:  'format' is defined but never used                                                                                              no-unused-vars
  Line 190:6:  React Hook useCallback has a missing dependency: 'saveToHistory'. Either include it or remove the dependency array              react-hooks/exhaustive-deps
  Line 226:6:  React Hook useEffect has missing dependencies: 'performSearch' and 'query'. Either include them or remove the dependency array  react-hooks/exhaustive-deps

src/pages/SettingsPage.js
  Line 11:3:   'Globe' is defined but never used                      no-unused-vars
  Line 12:3:   'Trash2' is defined but never used                     no-unused-vars
  Line 13:3:   'Plus' is defined but never used                       no-unused-vars
  Line 14:3:   'Edit2' is defined but never used                      no-unused-vars
  Line 15:3:   'X' is defined but never used                          no-unused-vars
  Line 17:3:   'Activity' is defined but never used                   no-unused-vars
  Line 20:3:   'Eye' is defined but never used                        no-unused-vars
  Line 21:3:   'EyeOff' is defined but never used                     no-unused-vars
  Line 45:10:  'editingSource' is assigned a value but never used     no-unused-vars
  Line 45:25:  'setEditingSource' is assigned a value but never used  no-unused-vars
  Line 46:10:  'showAddSource' is assigned a value but never used     no-unused-vars
  Line 46:25:  'setShowAddSource' is assigned a value but never used  no-unused-vars
  Line 47:10:  'newSource' is assigned a value but never used         no-unused-vars
  Line 47:21:  'setNewSource' is assigned a value but never used      no-unused-vars

Search for the keywords to learn more about each warning.
To ignore, add // eslint-disable-next-line to the line before.

WARNING in [eslint] 
src/components/NewsList.js
  Line 73:51:  'isRead' is assigned a value but never used                                                                   no-unused-vars
  Line 260:6:  React Hook useEffect has a missing dependency: 'fetchNews'. Either include it or remove the dependency array  react-hooks/exhaustive-deps

src/contexts/SocketContext.js
  Line 297:37:  The ref value 'reconnectTimer.current' will likely have changed by the time this effect cleanup function runs. If this ref points to a node rendered by React, copy 'reconnectTimer.current' to a variable inside the effect, and use that variable in the cleanup function  react-hooks/exhaustive-deps

src/contexts/UserDataContext.js
  Line 109:6:  React Hook useCallback has a missing dependency: 'isFavorite'. Either include it or remove the dependency array  react-hooks/exhaustive-deps

src/pages/FavoritesPage.js
  Line 8:3:   'Tag' is defined but never used     no-unused-vars
  Line 10:3:  'Filter' is defined but never used  no-unused-vars

src/pages/GlossaryPage.js
  Line 2:33:  'Tag' is defined but never used                                                                                   no-unused-vars
  Line 16:6:  React Hook useEffect has a missing dependency: 'fetchGlossary'. Either include it or remove the dependency array  react-hooks/exhaustive-deps

src/pages/HealthPage.js
  Line 9:3:    'Clock' is defined but never used                              no-unused-vars
  Line 12:3:   'AlertTriangle' is defined but never used                      no-unused-vars
  Line 13:3:   'Zap' is defined but never used                                no-unused-vars
  Line 20:21:  'ConnectionStatus' is defined but never used                   no-unused-vars
  Line 33:5:   'connectionStatus' is assigned a value but never used          no-unused-vars
  Line 36:5:   'getConnectionStatusColor' is assigned a value but never used  no-unused-vars
  Line 114:9:  'getStatusBadge' is assigned a value but never used            no-unused-vars

src/pages/SearchPage.js
  Line 19:31:  'format' is defined but never used                                                                                              no-unused-vars
  Line 190:6:  React Hook useCallback has a missing dependency: 'saveToHistory'. Either include it or remove the dependency array              react-hooks/exhaustive-deps
  Line 226:6:  React Hook useEffect has missing dependencies: 'performSearch' and 'query'. Either include them or remove the dependency array  react-hooks/exhaustive-deps

src/pages/SettingsPage.js
  Line 11:3:   'Globe' is defined but never used                      no-unused-vars
  Line 12:3:   'Trash2' is defined but never used                     no-unused-vars
  Line 13:3:   'Plus' is defined but never used                       no-unused-vars
  Line 14:3:   'Edit2' is defined but never used                      no-unused-vars
  Line 15:3:   'X' is defined but never used                          no-unused-vars
  Line 17:3:   'Activity' is defined but never used                   no-unused-vars
  Line 20:3:   'Eye' is defined but never used                        no-unused-vars
  Line 21:3:   'EyeOff' is defined but never used                     no-unused-vars
  Line 45:10:  'editingSource' is assigned a value but never used     no-unused-vars
  Line 45:25:  'setEditingSource' is assigned a value but never used  no-unused-vars
  Line 46:10:  'showAddSource' is assigned a value but never used     no-unused-vars
  Line 46:25:  'setShowAddSource' is assigned a value but never used  no-unused-vars
  Line 47:10:  'newSource' is assigned a value but never used         no-unused-vars
  Line 47:21:  'setNewSource' is assigned a value but never used      no-unused-vars

webpack compiled with 1 warning
Compiling...
Compiled with warnings.

[eslint] 
src/components/NewsList.js
  Line 260:6:  React Hook useEffect has a missing dependency: 'fetchNews'. Either include it or remove the dependency array  react-hooks/exhaustive-deps

src/contexts/SocketContext.js
  Line 297:37:  The ref value 'reconnectTimer.current' will likely have changed by the time this effect cleanup function runs. If this ref points to a node rendered by React, copy 'reconnectTimer.current' to a variable inside the effect, and use that variable in the cleanup function  react-hooks/exhaustive-deps

src/contexts/UserDataContext.js
  Line 109:6:  React Hook useCallback has a missing dependency: 'isFavorite'. Either include it or remove the dependency array  react-hooks/exhaustive-deps

src/pages/FavoritesPage.js
  Line 8:3:   'Tag' is defined but never used     no-unused-vars
  Line 10:3:  'Filter' is defined but never used  no-unused-vars

src/pages/GlossaryPage.js
  Line 2:33:  'Tag' is defined but never used                                                                                   no-unused-vars
  Line 16:6:  React Hook useEffect has a missing dependency: 'fetchGlossary'. Either include it or remove the dependency array  react-hooks/exhaustive-deps

src/pages/HealthPage.js
  Line 9:3:    'Clock' is defined but never used                              no-unused-vars
  Line 12:3:   'AlertTriangle' is defined but never used                      no-unused-vars
  Line 13:3:   'Zap' is defined but never used                                no-unused-vars
  Line 20:21:  'ConnectionStatus' is defined but never used                   no-unused-vars
  Line 33:5:   'connectionStatus' is assigned a value but never used          no-unused-vars
  Line 36:5:   'getConnectionStatusColor' is assigned a value but never used  no-unused-vars
  Line 114:9:  'getStatusBadge' is assigned a value but never used            no-unused-vars

src/pages/SearchPage.js
  Line 19:31:  'format' is defined but never used                                                                                              no-unused-vars
  Line 190:6:  React Hook useCallback has a missing dependency: 'saveToHistory'. Either include it or remove the dependency array              react-hooks/exhaustive-deps
  Line 226:6:  React Hook useEffect has missing dependencies: 'performSearch' and 'query'. Either include them or remove the dependency array  react-hooks/exhaustive-deps

src/pages/SettingsPage.js
  Line 11:3:   'Globe' is defined but never used                      no-unused-vars
  Line 12:3:   'Trash2' is defined but never used                     no-unused-vars
  Line 13:3:   'Plus' is defined but never used                       no-unused-vars
  Line 14:3:   'Edit2' is defined but never used                      no-unused-vars
  Line 15:3:   'X' is defined but never used                          no-unused-vars
  Line 17:3:   'Activity' is defined but never used                   no-unused-vars
  Line 20:3:   'Eye' is defined but never used                        no-unused-vars
  Line 21:3:   'EyeOff' is defined but never used                     no-unused-vars
  Line 45:10:  'editingSource' is assigned a value but never used     no-unused-vars
  Line 45:25:  'setEditingSource' is assigned a value but never used  no-unused-vars
  Line 46:10:  'showAddSource' is assigned a value but never used     no-unused-vars
  Line 46:25:  'setShowAddSource' is assigned a value but never used  no-unused-vars
  Line 47:10:  'newSource' is assigned a value but never used         no-unused-vars
  Line 47:21:  'setNewSource' is assigned a value but never used      no-unused-vars

Search for the keywords to learn more about each warning.
To ignore, add // eslint-disable-next-line to the line before.

WARNING in [eslint] 
src/components/NewsList.js
  Line 260:6:  React Hook useEffect has a missing dependency: 'fetchNews'. Either include it or remove the dependency array  react-hooks/exhaustive-deps

src/contexts/SocketContext.js
  Line 297:37:  The ref value 'reconnectTimer.current' will likely have changed by the time this effect cleanup function runs. If this ref points to a node rendered by React, copy 'reconnectTimer.current' to a variable inside the effect, and use that variable in the cleanup function  react-hooks/exhaustive-deps

src/contexts/UserDataContext.js
  Line 109:6:  React Hook useCallback has a missing dependency: 'isFavorite'. Either include it or remove the dependency array  react-hooks/exhaustive-deps

src/pages/FavoritesPage.js
  Line 8:3:   'Tag' is defined but never used     no-unused-vars
  Line 10:3:  'Filter' is defined but never used  no-unused-vars

src/pages/GlossaryPage.js
  Line 2:33:  'Tag' is defined but never used                                                                                   no-unused-vars
  Line 16:6:  React Hook useEffect has a missing dependency: 'fetchGlossary'. Either include it or remove the dependency array  react-hooks/exhaustive-deps

src/pages/HealthPage.js
  Line 9:3:    'Clock' is defined but never used                              no-unused-vars
  Line 12:3:   'AlertTriangle' is defined but never used                      no-unused-vars
  Line 13:3:   'Zap' is defined but never used                                no-unused-vars
  Line 20:21:  'ConnectionStatus' is defined but never used                   no-unused-vars
  Line 33:5:   'connectionStatus' is assigned a value but never used          no-unused-vars
  Line 36:5:   'getConnectionStatusColor' is assigned a value but never used  no-unused-vars
  Line 114:9:  'getStatusBadge' is assigned a value but never used            no-unused-vars

src/pages/SearchPage.js
  Line 19:31:  'format' is defined but never used                                                                                              no-unused-vars
  Line 190:6:  React Hook useCallback has a missing dependency: 'saveToHistory'. Either include it or remove the dependency array              react-hooks/exhaustive-deps
  Line 226:6:  React Hook useEffect has missing dependencies: 'performSearch' and 'query'. Either include them or remove the dependency array  react-hooks/exhaustive-deps

src/pages/SettingsPage.js
  Line 11:3:   'Globe' is defined but never used                      no-unused-vars
  Line 12:3:   'Trash2' is defined but never used                     no-unused-vars
  Line 13:3:   'Plus' is defined but never used                       no-unused-vars
  Line 14:3:   'Edit2' is defined but never used                      no-unused-vars
  Line 15:3:   'X' is defined but never used                          no-unused-vars
  Line 17:3:   'Activity' is defined but never used                   no-unused-vars
  Line 20:3:   'Eye' is defined but never used                        no-unused-vars
  Line 21:3:   'EyeOff' is defined but never used                     no-unused-vars
  Line 45:10:  'editingSource' is assigned a value but never used     no-unused-vars
  Line 45:25:  'setEditingSource' is assigned a value but never used  no-unused-vars
  Line 46:10:  'showAddSource' is assigned a value but never used     no-unused-vars
  Line 46:25:  'setShowAddSource' is assigned a value but never used  no-unused-vars
  Line 47:10:  'newSource' is assigned a value but never used         no-unused-vars
  Line 47:21:  'setNewSource' is assigned a value but never used      no-unused-vars

webpack compiled with 1 warning
Compiling...
Compiled with warnings.

[eslint] 
src/components/NewsList.js
  Line 260:6:  React Hook useEffect has a missing dependency: 'fetchNews'. Either include it or remove the dependency array  react-hooks/exhaustive-deps

src/contexts/SocketContext.js
  Line 297:37:  The ref value 'reconnectTimer.current' will likely have changed by the time this effect cleanup function runs. If this ref points to a node rendered by React, copy 'reconnectTimer.current' to a variable inside the effect, and use that variable in the cleanup function  react-hooks/exhaustive-deps

src/contexts/UserDataContext.js
  Line 109:6:  React Hook useCallback has a missing dependency: 'isFavorite'. Either include it or remove the dependency array  react-hooks/exhaustive-deps

src/pages/GlossaryPage.js
  Line 2:33:  'Tag' is defined but never used                                                                                   no-unused-vars
  Line 16:6:  React Hook useEffect has a missing dependency: 'fetchGlossary'. Either include it or remove the dependency array  react-hooks/exhaustive-deps

src/pages/HealthPage.js
  Line 9:3:    'Clock' is defined but never used                              no-unused-vars
  Line 12:3:   'AlertTriangle' is defined but never used                      no-unused-vars
  Line 13:3:   'Zap' is defined but never used                                no-unused-vars
  Line 20:21:  'ConnectionStatus' is defined but never used                   no-unused-vars
  Line 33:5:   'connectionStatus' is assigned a value but never used          no-unused-vars
  Line 36:5:   'getConnectionStatusColor' is assigned a value but never used  no-unused-vars
  Line 114:9:  'getStatusBadge' is assigned a value but never used            no-unused-vars

src/pages/SearchPage.js
  Line 19:31:  'format' is defined but never used                                                                                              no-unused-vars
  Line 190:6:  React Hook useCallback has a missing dependency: 'saveToHistory'. Either include it or remove the dependency array              react-hooks/exhaustive-deps
  Line 226:6:  React Hook useEffect has missing dependencies: 'performSearch' and 'query'. Either include them or remove the dependency array  react-hooks/exhaustive-deps

src/pages/SettingsPage.js
  Line 11:3:   'Globe' is defined but never used                      no-unused-vars
  Line 12:3:   'Trash2' is defined but never used                     no-unused-vars
  Line 13:3:   'Plus' is defined but never used                       no-unused-vars
  Line 14:3:   'Edit2' is defined but never used                      no-unused-vars
  Line 15:3:   'X' is defined but never used                          no-unused-vars
  Line 17:3:   'Activity' is defined but never used                   no-unused-vars
  Line 20:3:   'Eye' is defined but never used                        no-unused-vars
  Line 21:3:   'EyeOff' is defined but never used                     no-unused-vars
  Line 45:10:  'editingSource' is assigned a value but never used     no-unused-vars
  Line 45:25:  'setEditingSource' is assigned a value but never used  no-unused-vars
  Line 46:10:  'showAddSource' is assigned a value but never used     no-unused-vars
  Line 46:25:  'setShowAddSource' is assigned a value but never used  no-unused-vars
  Line 47:10:  'newSource' is assigned a value but never used         no-unused-vars
  Line 47:21:  'setNewSource' is assigned a value but never used      no-unused-vars

Search for the keywords to learn more about each warning.
To ignore, add // eslint-disable-next-line to the line before.

WARNING in [eslint] 
src/components/NewsList.js
  Line 260:6:  React Hook useEffect has a missing dependency: 'fetchNews'. Either include it or remove the dependency array  react-hooks/exhaustive-deps

src/contexts/SocketContext.js
  Line 297:37:  The ref value 'reconnectTimer.current' will likely have changed by the time this effect cleanup function runs. If this ref points to a node rendered by React, copy 'reconnectTimer.current' to a variable inside the effect, and use that variable in the cleanup function  react-hooks/exhaustive-deps

src/contexts/UserDataContext.js
  Line 109:6:  React Hook useCallback has a missing dependency: 'isFavorite'. Either include it or remove the dependency array  react-hooks/exhaustive-deps

src/pages/GlossaryPage.js
  Line 2:33:  'Tag' is defined but never used                                                                                   no-unused-vars
  Line 16:6:  React Hook useEffect has a missing dependency: 'fetchGlossary'. Either include it or remove the dependency array  react-hooks/exhaustive-deps

src/pages/HealthPage.js
  Line 9:3:    'Clock' is defined but never used                              no-unused-vars
  Line 12:3:   'AlertTriangle' is defined but never used                      no-unused-vars
  Line 13:3:   'Zap' is defined but never used                                no-unused-vars
  Line 20:21:  'ConnectionStatus' is defined but never used                   no-unused-vars
  Line 33:5:   'connectionStatus' is assigned a value but never used          no-unused-vars
  Line 36:5:   'getConnectionStatusColor' is assigned a value but never used  no-unused-vars
  Line 114:9:  'getStatusBadge' is assigned a value but never used            no-unused-vars

src/pages/SearchPage.js
  Line 19:31:  'format' is defined but never used                                                                                              no-unused-vars
  Line 190:6:  React Hook useCallback has a missing dependency: 'saveToHistory'. Either include it or remove the dependency array              react-hooks/exhaustive-deps
  Line 226:6:  React Hook useEffect has missing dependencies: 'performSearch' and 'query'. Either include them or remove the dependency array  react-hooks/exhaustive-deps

src/pages/SettingsPage.js
  Line 11:3:   'Globe' is defined but never used                      no-unused-vars
  Line 12:3:   'Trash2' is defined but never used                     no-unused-vars
  Line 13:3:   'Plus' is defined but never used                       no-unused-vars
  Line 14:3:   'Edit2' is defined but never used                      no-unused-vars
  Line 15:3:   'X' is defined but never used                          no-unused-vars
  Line 17:3:   'Activity' is defined but never used                   no-unused-vars
  Line 20:3:   'Eye' is defined but never used                        no-unused-vars
  Line 21:3:   'EyeOff' is defined but never used                     no-unused-vars
  Line 45:10:  'editingSource' is assigned a value but never used     no-unused-vars
  Line 45:25:  'setEditingSource' is assigned a value but never used  no-unused-vars
  Line 46:10:  'showAddSource' is assigned a value but never used     no-unused-vars
  Line 46:25:  'setShowAddSource' is assigned a value but never used  no-unused-vars
  Line 47:10:  'newSource' is assigned a value but never used         no-unused-vars
  Line 47:21:  'setNewSource' is assigned a value but never used      no-unused-vars

webpack compiled with 1 warning
Compiling...
[代理] GET /api/news/status -> http://localhost:5000/api/news/status
Compiled with warnings.

[eslint] 
src/components/NewsList.js
  Line 260:6:  React Hook useEffect has a missing dependency: 'fetchNews'. Either include it or remove the dependency array  react-hooks/exhaustive-deps

src/contexts/SocketContext.js
  Line 297:37:  The ref value 'reconnectTimer.current' will likely have changed by the time this effect cleanup function runs. If this ref points to a node rendered by React, copy 'reconnectTimer.current' to a variable inside the effect, and use that variable in the cleanup function  react-hooks/exhaustive-deps

src/contexts/UserDataContext.js
  Line 109:6:  React Hook useCallback has a missing dependency: 'isFavorite'. Either include it or remove the dependency array  react-hooks/exhaustive-deps

src/pages/GlossaryPage.js
  Line 2:33:  'Tag' is defined but never used                                                                                   no-unused-vars
  Line 16:6:  React Hook useEffect has a missing dependency: 'fetchGlossary'. Either include it or remove the dependency array  react-hooks/exhaustive-deps

src/pages/HealthPage.js
  Line 30:5:   'connectionStatus' is assigned a value but never used          no-unused-vars
  Line 33:5:   'getConnectionStatusColor' is assigned a value but never used  no-unused-vars
  Line 111:9:  'getStatusBadge' is assigned a value but never used            no-unused-vars

src/pages/SearchPage.js
  Line 19:31:  'format' is defined but never used                                                                                              no-unused-vars
  Line 190:6:  React Hook useCallback has a missing dependency: 'saveToHistory'. Either include it or remove the dependency array              react-hooks/exhaustive-deps
  Line 226:6:  React Hook useEffect has missing dependencies: 'performSearch' and 'query'. Either include them or remove the dependency array  react-hooks/exhaustive-deps

src/pages/SettingsPage.js
  Line 11:3:   'Globe' is defined but never used                      no-unused-vars
  Line 12:3:   'Trash2' is defined but never used                     no-unused-vars
  Line 13:3:   'Plus' is defined but never used                       no-unused-vars
  Line 14:3:   'Edit2' is defined but never used                      no-unused-vars
  Line 15:3:   'X' is defined but never used                          no-unused-vars
  Line 17:3:   'Activity' is defined but never used                   no-unused-vars
  Line 20:3:   'Eye' is defined but never used                        no-unused-vars
  Line 21:3:   'EyeOff' is defined but never used                     no-unused-vars
  Line 45:10:  'editingSource' is assigned a value but never used     no-unused-vars
  Line 45:25:  'setEditingSource' is assigned a value but never used  no-unused-vars
  Line 46:10:  'showAddSource' is assigned a value but never used     no-unused-vars
  Line 46:25:  'setShowAddSource' is assigned a value but never used  no-unused-vars
  Line 47:10:  'newSource' is assigned a value but never used         no-unused-vars
  Line 47:21:  'setNewSource' is assigned a value but never used      no-unused-vars

Search for the keywords to learn more about each warning.
To ignore, add // eslint-disable-next-line to the line before.

WARNING in [eslint] 
src/components/NewsList.js
  Line 260:6:  React Hook useEffect has a missing dependency: 'fetchNews'. Either include it or remove the dependency array  react-hooks/exhaustive-deps

src/contexts/SocketContext.js
  Line 297:37:  The ref value 'reconnectTimer.current' will likely have changed by the time this effect cleanup function runs. If this ref points to a node rendered by React, copy 'reconnectTimer.current' to a variable inside the effect, and use that variable in the cleanup function  react-hooks/exhaustive-deps

src/contexts/UserDataContext.js
  Line 109:6:  React Hook useCallback has a missing dependency: 'isFavorite'. Either include it or remove the dependency array  react-hooks/exhaustive-deps

src/pages/GlossaryPage.js
  Line 2:33:  'Tag' is defined but never used                                                                                   no-unused-vars
  Line 16:6:  React Hook useEffect has a missing dependency: 'fetchGlossary'. Either include it or remove the dependency array  react-hooks/exhaustive-deps

src/pages/HealthPage.js
  Line 30:5:   'connectionStatus' is assigned a value but never used          no-unused-vars
  Line 33:5:   'getConnectionStatusColor' is assigned a value but never used  no-unused-vars
  Line 111:9:  'getStatusBadge' is assigned a value but never used            no-unused-vars

src/pages/SearchPage.js
  Line 19:31:  'format' is defined but never used                                                                                              no-unused-vars
  Line 190:6:  React Hook useCallback has a missing dependency: 'saveToHistory'. Either include it or remove the dependency array              react-hooks/exhaustive-deps
  Line 226:6:  React Hook useEffect has missing dependencies: 'performSearch' and 'query'. Either include them or remove the dependency array  react-hooks/exhaustive-deps

src/pages/SettingsPage.js
  Line 11:3:   'Globe' is defined but never used                      no-unused-vars
  Line 12:3:   'Trash2' is defined but never used                     no-unused-vars
  Line 13:3:   'Plus' is defined but never used                       no-unused-vars
  Line 14:3:   'Edit2' is defined but never used                      no-unused-vars
  Line 15:3:   'X' is defined but never used                          no-unused-vars
  Line 17:3:   'Activity' is defined but never used                   no-unused-vars
  Line 20:3:   'Eye' is defined but never used                        no-unused-vars
  Line 21:3:   'EyeOff' is defined but never used                     no-unused-vars
  Line 45:10:  'editingSource' is assigned a value but never used     no-unused-vars
  Line 45:25:  'setEditingSource' is assigned a value but never used  no-unused-vars
  Line 46:10:  'showAddSource' is assigned a value but never used     no-unused-vars
  Line 46:25:  'setShowAddSource' is assigned a value but never used  no-unused-vars
  Line 47:10:  'newSource' is assigned a value but never used         no-unused-vars
  Line 47:21:  'setNewSource' is assigned a value but never used      no-unused-vars

webpack compiled with 1 warning
Compiling...
Failed to compile.

[eslint] 
src/pages/HealthPage.js
  Line 222:69:  'getConnectionStatusText' is not defined  no-undef

Search for the keywords to learn more about each error.
WARNING in [eslint] 
src/components/NewsList.js
  Line 260:6:  React Hook useEffect has a missing dependency: 'fetchNews'. Either include it or remove the dependency array  react-hooks/exhaustive-deps

src/contexts/SocketContext.js
  Line 297:37:  The ref value 'reconnectTimer.current' will likely have changed by the time this effect cleanup function runs. If this ref points to a node rendered by React, copy 'reconnectTimer.current' to a variable inside the effect, and use that variable in the cleanup function  react-hooks/exhaustive-deps

src/contexts/UserDataContext.js
  Line 109:6:  React Hook useCallback has a missing dependency: 'isFavorite'. Either include it or remove the dependency array  react-hooks/exhaustive-deps

src/pages/GlossaryPage.js
  Line 2:33:  'Tag' is defined but never used                                                                                   no-unused-vars
  Line 16:6:  React Hook useEffect has a missing dependency: 'fetchGlossary'. Either include it or remove the dependency array  react-hooks/exhaustive-deps

src/pages/HealthPage.js
  Line 108:9:  'getStatusBadge' is assigned a value but never used  no-unused-vars

src/pages/SearchPage.js
  Line 19:31:  'format' is defined but never used                                                                                              no-unused-vars
  Line 190:6:  React Hook useCallback has a missing dependency: 'saveToHistory'. Either include it or remove the dependency array              react-hooks/exhaustive-deps
  Line 226:6:  React Hook useEffect has missing dependencies: 'performSearch' and 'query'. Either include them or remove the dependency array  react-hooks/exhaustive-deps

src/pages/SettingsPage.js
  Line 11:3:   'Globe' is defined but never used                      no-unused-vars
  Line 12:3:   'Trash2' is defined but never used                     no-unused-vars
  Line 13:3:   'Plus' is defined but never used                       no-unused-vars
  Line 14:3:   'Edit2' is defined but never used                      no-unused-vars
  Line 15:3:   'X' is defined but never used                          no-unused-vars
  Line 17:3:   'Activity' is defined but never used                   no-unused-vars
  Line 20:3:   'Eye' is defined but never used                        no-unused-vars
  Line 21:3:   'EyeOff' is defined but never used                     no-unused-vars
  Line 45:10:  'editingSource' is assigned a value but never used     no-unused-vars
  Line 45:25:  'setEditingSource' is assigned a value but never used  no-unused-vars
  Line 46:10:  'showAddSource' is assigned a value but never used     no-unused-vars
  Line 46:25:  'setShowAddSource' is assigned a value but never used  no-unused-vars
  Line 47:10:  'newSource' is assigned a value but never used         no-unused-vars
  Line 47:21:  'setNewSource' is assigned a value but never used      no-unused-vars

ERROR in [eslint] 
src/pages/HealthPage.js
  Line 222:69:  'getConnectionStatusText' is not defined  no-undef

Search for the keywords to learn more about each error.

webpack compiled with 1 error and 1 warning
Compiling...
Failed to compile.

[eslint] 
src/pages/HealthPage.js
  Line 222:69:  'getConnectionStatusText' is not defined  no-undef

Search for the keywords to learn more about each error.
WARNING in [eslint] 
src/components/NewsList.js
  Line 260:6:  React Hook useEffect has a missing dependency: 'fetchNews'. Either include it or remove the dependency array  react-hooks/exhaustive-deps

src/contexts/SocketContext.js
  Line 297:37:  The ref value 'reconnectTimer.current' will likely have changed by the time this effect cleanup function runs. If this ref points to a node rendered by React, copy 'reconnectTimer.current' to a variable inside the effect, and use that variable in the cleanup function  react-hooks/exhaustive-deps

src/contexts/UserDataContext.js
  Line 109:6:  React Hook useCallback has a missing dependency: 'isFavorite'. Either include it or remove the dependency array  react-hooks/exhaustive-deps

src/pages/GlossaryPage.js
  Line 16:6:  React Hook useEffect has a missing dependency: 'fetchGlossary'. Either include it or remove the dependency array  react-hooks/exhaustive-deps

src/pages/HealthPage.js
  Line 108:9:  'getStatusBadge' is assigned a value but never used  no-unused-vars

src/pages/SearchPage.js
  Line 19:31:  'format' is defined but never used                                                                                              no-unused-vars
  Line 190:6:  React Hook useCallback has a missing dependency: 'saveToHistory'. Either include it or remove the dependency array              react-hooks/exhaustive-deps
  Line 226:6:  React Hook useEffect has missing dependencies: 'performSearch' and 'query'. Either include them or remove the dependency array  react-hooks/exhaustive-deps

src/pages/SettingsPage.js
  Line 11:3:   'Globe' is defined but never used                      no-unused-vars
  Line 12:3:   'Trash2' is defined but never used                     no-unused-vars
  Line 13:3:   'Plus' is defined but never used                       no-unused-vars
  Line 14:3:   'Edit2' is defined but never used                      no-unused-vars
  Line 15:3:   'X' is defined but never used                          no-unused-vars
  Line 17:3:   'Activity' is defined but never used                   no-unused-vars
  Line 20:3:   'Eye' is defined but never used                        no-unused-vars
  Line 21:3:   'EyeOff' is defined but never used                     no-unused-vars
  Line 45:10:  'editingSource' is assigned a value but never used     no-unused-vars
  Line 45:25:  'setEditingSource' is assigned a value but never used  no-unused-vars
  Line 46:10:  'showAddSource' is assigned a value but never used     no-unused-vars
  Line 46:25:  'setShowAddSource' is assigned a value but never used  no-unused-vars
  Line 47:10:  'newSource' is assigned a value but never used         no-unused-vars
  Line 47:21:  'setNewSource' is assigned a value but never used      no-unused-vars

ERROR in [eslint] 
src/pages/HealthPage.js
  Line 222:69:  'getConnectionStatusText' is not defined  no-undef

Search for the keywords to learn more about each error.

webpack compiled with 1 error and 1 warning
Compiling...
Failed to compile.

[eslint] 
src/pages/HealthPage.js
  Line 222:69:  'getConnectionStatusText' is not defined  no-undef

Search for the keywords to learn more about each error.
WARNING in [eslint] 
src/components/NewsList.js
  Line 260:6:  React Hook useEffect has a missing dependency: 'fetchNews'. Either include it or remove the dependency array  react-hooks/exhaustive-deps

src/contexts/SocketContext.js
  Line 297:37:  The ref value 'reconnectTimer.current' will likely have changed by the time this effect cleanup function runs. If this ref points to a node rendered by React, copy 'reconnectTimer.current' to a variable inside the effect, and use that variable in the cleanup function  react-hooks/exhaustive-deps

src/contexts/UserDataContext.js
  Line 109:6:  React Hook useCallback has a missing dependency: 'isFavorite'. Either include it or remove the dependency array  react-hooks/exhaustive-deps

src/pages/HealthPage.js
  Line 108:9:  'getStatusBadge' is assigned a value but never used  no-unused-vars

src/pages/SearchPage.js
  Line 19:31:  'format' is defined but never used                                                                                              no-unused-vars
  Line 190:6:  React Hook useCallback has a missing dependency: 'saveToHistory'. Either include it or remove the dependency array              react-hooks/exhaustive-deps
  Line 226:6:  React Hook useEffect has missing dependencies: 'performSearch' and 'query'. Either include them or remove the dependency array  react-hooks/exhaustive-deps

src/pages/SettingsPage.js
  Line 11:3:   'Globe' is defined but never used                      no-unused-vars
  Line 12:3:   'Trash2' is defined but never used                     no-unused-vars
  Line 13:3:   'Plus' is defined but never used                       no-unused-vars
  Line 14:3:   'Edit2' is defined but never used                      no-unused-vars
  Line 15:3:   'X' is defined but never used                          no-unused-vars
  Line 17:3:   'Activity' is defined but never used                   no-unused-vars
  Line 20:3:   'Eye' is defined but never used                        no-unused-vars
  Line 21:3:   'EyeOff' is defined but never used                     no-unused-vars
  Line 45:10:  'editingSource' is assigned a value but never used     no-unused-vars
  Line 45:25:  'setEditingSource' is assigned a value but never used  no-unused-vars
  Line 46:10:  'showAddSource' is assigned a value but never used     no-unused-vars
  Line 46:25:  'setShowAddSource' is assigned a value but never used  no-unused-vars
  Line 47:10:  'newSource' is assigned a value but never used         no-unused-vars
  Line 47:21:  'setNewSource' is assigned a value but never used      no-unused-vars

ERROR in [eslint] 
src/pages/HealthPage.js
  Line 222:69:  'getConnectionStatusText' is not defined  no-undef

Search for the keywords to learn more about each error.

webpack compiled with 1 error and 1 warning
Compiling...
Failed to compile.

[eslint] 
src/pages/HealthPage.js
  Line 222:69:  'getConnectionStatusText' is not defined  no-undef

Search for the keywords to learn more about each error.
WARNING in [eslint] 
src/components/NewsList.js
  Line 260:6:  React Hook useEffect has a missing dependency: 'fetchNews'. Either include it or remove the dependency array  react-hooks/exhaustive-deps

src/contexts/SocketContext.js
  Line 297:37:  The ref value 'reconnectTimer.current' will likely have changed by the time this effect cleanup function runs. If this ref points to a node rendered by React, copy 'reconnectTimer.current' to a variable inside the effect, and use that variable in the cleanup function  react-hooks/exhaustive-deps

src/contexts/UserDataContext.js
  Line 109:6:  React Hook useCallback has a missing dependency: 'isFavorite'. Either include it or remove the dependency array  react-hooks/exhaustive-deps

src/pages/HealthPage.js
  Line 108:9:  'getStatusBadge' is assigned a value but never used  no-unused-vars

src/pages/SearchPage.js
  Line 190:6:  React Hook useCallback has a missing dependency: 'saveToHistory'. Either include it or remove the dependency array              react-hooks/exhaustive-deps
  Line 226:6:  React Hook useEffect has missing dependencies: 'performSearch' and 'query'. Either include them or remove the dependency array  react-hooks/exhaustive-deps

src/pages/SettingsPage.js
  Line 11:3:   'Globe' is defined but never used                      no-unused-vars
  Line 12:3:   'Trash2' is defined but never used                     no-unused-vars
  Line 13:3:   'Plus' is defined but never used                       no-unused-vars
  Line 14:3:   'Edit2' is defined but never used                      no-unused-vars
  Line 15:3:   'X' is defined but never used                          no-unused-vars
  Line 17:3:   'Activity' is defined but never used                   no-unused-vars
  Line 20:3:   'Eye' is defined but never used                        no-unused-vars
  Line 21:3:   'EyeOff' is defined but never used                     no-unused-vars
  Line 45:10:  'editingSource' is assigned a value but never used     no-unused-vars
  Line 45:25:  'setEditingSource' is assigned a value but never used  no-unused-vars
  Line 46:10:  'showAddSource' is assigned a value but never used     no-unused-vars
  Line 46:25:  'setShowAddSource' is assigned a value but never used  no-unused-vars
  Line 47:10:  'newSource' is assigned a value but never used         no-unused-vars
  Line 47:21:  'setNewSource' is assigned a value but never used      no-unused-vars

ERROR in [eslint] 
src/pages/HealthPage.js
  Line 222:69:  'getConnectionStatusText' is not defined  no-undef

Search for the keywords to learn more about each error.

webpack compiled with 1 error and 1 warning
Compiling...
Failed to compile.

[eslint] 
src/pages/HealthPage.js
  Line 222:69:  'getConnectionStatusText' is not defined  no-undef

Search for the keywords to learn more about each error.
WARNING in [eslint] 
src/components/NewsList.js
  Line 260:6:  React Hook useEffect has a missing dependency: 'fetchNews'. Either include it or remove the dependency array  react-hooks/exhaustive-deps

src/contexts/SocketContext.js
  Line 297:37:  The ref value 'reconnectTimer.current' will likely have changed by the time this effect cleanup function runs. If this ref points to a node rendered by React, copy 'reconnectTimer.current' to a variable inside the effect, and use that variable in the cleanup function  react-hooks/exhaustive-deps

src/contexts/UserDataContext.js
  Line 109:6:  React Hook useCallback has a missing dependency: 'isFavorite'. Either include it or remove the dependency array  react-hooks/exhaustive-deps

src/pages/HealthPage.js
  Line 108:9:  'getStatusBadge' is assigned a value but never used  no-unused-vars

src/pages/SearchPage.js
  Line 190:6:  React Hook useCallback has a missing dependency: 'saveToHistory'. Either include it or remove the dependency array              react-hooks/exhaustive-deps
  Line 226:6:  React Hook useEffect has missing dependencies: 'performSearch' and 'query'. Either include them or remove the dependency array  react-hooks/exhaustive-deps

src/pages/SettingsPage.js
  Line 37:10:  'editingSource' is assigned a value but never used     no-unused-vars
  Line 37:25:  'setEditingSource' is assigned a value but never used  no-unused-vars
  Line 38:10:  'showAddSource' is assigned a value but never used     no-unused-vars
  Line 38:25:  'setShowAddSource' is assigned a value but never used  no-unused-vars
  Line 39:10:  'newSource' is assigned a value but never used         no-unused-vars
  Line 39:21:  'setNewSource' is assigned a value but never used      no-unused-vars

ERROR in [eslint] 
src/pages/HealthPage.js
  Line 222:69:  'getConnectionStatusText' is not defined  no-undef

Search for the keywords to learn more about each error.

webpack compiled with 1 error and 1 warning
Compiling...
Failed to compile.

[eslint] 
src/pages/HealthPage.js
  Line 222:69:  'getConnectionStatusText' is not defined  no-undef

src/pages/SettingsPage.js
  Line 538:23:  'connectionStatus' is not defined  no-undef
  Line 540:27:  'connectionStatus' is not defined  no-undef
  Line 544:24:  'connectionStatus' is not defined  no-undef
  Line 545:24:  'connectionStatus' is not defined  no-undef

Search for the keywords to learn more about each error.
WARNING in [eslint] 
src/components/NewsList.js
  Line 260:6:  React Hook useEffect has a missing dependency: 'fetchNews'. Either include it or remove the dependency array  react-hooks/exhaustive-deps

src/contexts/SocketContext.js
  Line 297:37:  The ref value 'reconnectTimer.current' will likely have changed by the time this effect cleanup function runs. If this ref points to a node rendered by React, copy 'reconnectTimer.current' to a variable inside the effect, and use that variable in the cleanup function  react-hooks/exhaustive-deps

src/contexts/UserDataContext.js
  Line 109:6:  React Hook useCallback has a missing dependency: 'isFavorite'. Either include it or remove the dependency array  react-hooks/exhaustive-deps

src/pages/HealthPage.js
  Line 108:9:  'getStatusBadge' is assigned a value but never used  no-unused-vars

src/pages/SearchPage.js
  Line 190:6:  React Hook useCallback has a missing dependency: 'saveToHistory'. Either include it or remove the dependency array              react-hooks/exhaustive-deps
  Line 226:6:  React Hook useEffect has missing dependencies: 'performSearch' and 'query'. Either include them or remove the dependency array  react-hooks/exhaustive-deps

ERROR in [eslint] 
src/pages/HealthPage.js
  Line 222:69:  'getConnectionStatusText' is not defined  no-undef

src/pages/SettingsPage.js
  Line 538:23:  'connectionStatus' is not defined  no-undef
  Line 540:27:  'connectionStatus' is not defined  no-undef
  Line 544:24:  'connectionStatus' is not defined  no-undef
  Line 545:24:  'connectionStatus' is not defined  no-undef

Search for the keywords to learn more about each error.

webpack compiled with 1 error and 1 warning
Compiling...
Failed to compile.

[eslint] 
src/pages/HealthPage.js
  Line 222:69:  'getConnectionStatusText' is not defined  no-undef

src/pages/SettingsPage.js
  Line 538:23:  'connectionStatus' is not defined  no-undef
  Line 540:27:  'connectionStatus' is not defined  no-undef
  Line 544:24:  'connectionStatus' is not defined  no-undef
  Line 545:24:  'connectionStatus' is not defined  no-undef

Search for the keywords to learn more about each error.
WARNING in [eslint] 
src/components/NewsList.js
  Line 260:6:  React Hook useEffect has a missing dependency: 'fetchNews'. Either include it or remove the dependency array  react-hooks/exhaustive-deps

src/contexts/SocketContext.js
  Line 297:37:  The ref value 'reconnectTimer.current' will likely have changed by the time this effect cleanup function runs. If this ref points to a node rendered by React, copy 'reconnectTimer.current' to a variable inside the effect, and use that variable in the cleanup function  react-hooks/exhaustive-deps

src/contexts/UserDataContext.js
  Line 109:6:  React Hook useCallback has a missing dependency: 'isFavorite'. Either include it or remove the dependency array  react-hooks/exhaustive-deps

src/pages/HealthPage.js
  Line 108:9:  'getStatusBadge' is assigned a value but never used  no-unused-vars

src/pages/SearchPage.js
  Line 190:6:  React Hook useCallback has a missing dependency: 'saveToHistory'. Either include it or remove the dependency array  react-hooks/exhaustive-deps

ERROR in [eslint] 
src/pages/HealthPage.js
  Line 222:69:  'getConnectionStatusText' is not defined  no-undef

src/pages/SettingsPage.js
  Line 538:23:  'connectionStatus' is not defined  no-undef
  Line 540:27:  'connectionStatus' is not defined  no-undef
  Line 544:24:  'connectionStatus' is not defined  no-undef
  Line 545:24:  'connectionStatus' is not defined  no-undef

Search for the keywords to learn more about each error.

webpack compiled with 1 error and 1 warning
[代理] GET /api/news/status -> http://localhost:5000/api/news/status
Compiling...
Failed to compile.

[eslint] 
src/pages/HealthPage.js
  Line 222:69:  'getConnectionStatusText' is not defined  no-undef

src/pages/SettingsPage.js
  Line 538:23:  'connectionStatus' is not defined  no-undef
  Line 540:27:  'connectionStatus' is not defined  no-undef
  Line 544:24:  'connectionStatus' is not defined  no-undef
  Line 545:24:  'connectionStatus' is not defined  no-undef

Search for the keywords to learn more about each error.
WARNING in [eslint] 
src/components/NewsList.js
  Line 260:6:  React Hook useEffect has a missing dependency: 'fetchNews'. Either include it or remove the dependency array  react-hooks/exhaustive-deps

src/contexts/SocketContext.js
  Line 297:37:  The ref value 'reconnectTimer.current' will likely have changed by the time this effect cleanup function runs. If this ref points to a node rendered by React, copy 'reconnectTimer.current' to a variable inside the effect, and use that variable in the cleanup function  react-hooks/exhaustive-deps

src/contexts/UserDataContext.js
  Line 109:6:  React Hook useCallback has a missing dependency: 'isFavorite'. Either include it or remove the dependency array  react-hooks/exhaustive-deps

src/pages/HealthPage.js
  Line 108:9:  'getStatusBadge' is assigned a value but never used  no-unused-vars

ERROR in [eslint] 
src/pages/HealthPage.js
  Line 222:69:  'getConnectionStatusText' is not defined  no-undef

src/pages/SettingsPage.js
  Line 538:23:  'connectionStatus' is not defined  no-undef
  Line 540:27:  'connectionStatus' is not defined  no-undef
  Line 544:24:  'connectionStatus' is not defined  no-undef
  Line 545:24:  'connectionStatus' is not defined  no-undef

Search for the keywords to learn more about each error.

webpack compiled with 1 error and 1 warning
Compiling...
Failed to compile.

[eslint] 
src/pages/HealthPage.js
  Line 222:69:  'getConnectionStatusText' is not defined  no-undef

src/pages/SettingsPage.js
  Line 538:23:  'connectionStatus' is not defined  no-undef
  Line 540:27:  'connectionStatus' is not defined  no-undef
  Line 544:24:  'connectionStatus' is not defined  no-undef
  Line 545:24:  'connectionStatus' is not defined  no-undef

Search for the keywords to learn more about each error.
WARNING in [eslint] 
src/components/NewsList.js
  Line 260:6:  React Hook useEffect has a missing dependency: 'fetchNews'. Either include it or remove the dependency array  react-hooks/exhaustive-deps

src/contexts/SocketContext.js
  Line 296:36:  The ref value 'reconnectTimer.current' will likely have changed by the time this effect cleanup function runs. If this ref points to a node rendered by React, copy 'reconnectTimer.current' to a variable inside the effect, and use that variable in the cleanup function  react-hooks/exhaustive-deps

src/contexts/UserDataContext.js
  Line 109:6:  React Hook useCallback has a missing dependency: 'isFavorite'. Either include it or remove the dependency array  react-hooks/exhaustive-deps

src/pages/HealthPage.js
  Line 108:9:  'getStatusBadge' is assigned a value but never used  no-unused-vars

ERROR in [eslint] 
src/pages/HealthPage.js
  Line 222:69:  'getConnectionStatusText' is not defined  no-undef

src/pages/SettingsPage.js
  Line 538:23:  'connectionStatus' is not defined  no-undef
  Line 540:27:  'connectionStatus' is not defined  no-undef
  Line 544:24:  'connectionStatus' is not defined  no-undef
  Line 545:24:  'connectionStatus' is not defined  no-undef

Search for the keywords to learn more about each error.

webpack compiled with 1 error and 1 warning
Compiling...
Failed to compile.

[eslint] 
src/pages/HealthPage.js
  Line 222:69:  'getConnectionStatusText' is not defined  no-undef

src/pages/SettingsPage.js
  Line 538:23:  'connectionStatus' is not defined  no-undef
  Line 540:27:  'connectionStatus' is not defined  no-undef
  Line 544:24:  'connectionStatus' is not defined  no-undef
  Line 545:24:  'connectionStatus' is not defined  no-undef

Search for the keywords to learn more about each error.
WARNING in [eslint] 
src/components/NewsList.js
  Line 260:6:  React Hook useEffect has a missing dependency: 'fetchNews'. Either include it or remove the dependency array  react-hooks/exhaustive-deps

src/contexts/SocketContext.js
  Line 296:36:  The ref value 'reconnectTimer.current' will likely have changed by the time this effect cleanup function runs. If this ref points to a node rendered by React, copy 'reconnectTimer.current' to a variable inside the effect, and use that variable in the cleanup function  react-hooks/exhaustive-deps

src/pages/HealthPage.js
  Line 108:9:  'getStatusBadge' is assigned a value but never used  no-unused-vars

ERROR in [eslint] 
src/pages/HealthPage.js
  Line 222:69:  'getConnectionStatusText' is not defined  no-undef

src/pages/SettingsPage.js
  Line 538:23:  'connectionStatus' is not defined  no-undef
  Line 540:27:  'connectionStatus' is not defined  no-undef
  Line 544:24:  'connectionStatus' is not defined  no-undef
  Line 545:24:  'connectionStatus' is not defined  no-undef

Search for the keywords to learn more about each error.

webpack compiled with 1 error and 1 warning
Compiling...
Failed to compile.

[eslint] 
src/pages/HealthPage.js
  Line 222:69:  'getConnectionStatusText' is not defined  no-undef

src/pages/SettingsPage.js
  Line 538:23:  'connectionStatus' is not defined  no-undef
  Line 540:27:  'connectionStatus' is not defined  no-undef
  Line 544:24:  'connectionStatus' is not defined  no-undef
  Line 545:24:  'connectionStatus' is not defined  no-undef

Search for the keywords to learn more about each error.
WARNING in [eslint] 
src/contexts/SocketContext.js
  Line 296:36:  The ref value 'reconnectTimer.current' will likely have changed by the time this effect cleanup function runs. If this ref points to a node rendered by React, copy 'reconnectTimer.current' to a variable inside the effect, and use that variable in the cleanup function  react-hooks/exhaustive-deps

src/pages/HealthPage.js
  Line 108:9:  'getStatusBadge' is assigned a value but never used  no-unused-vars

ERROR in [eslint] 
src/pages/HealthPage.js
  Line 222:69:  'getConnectionStatusText' is not defined  no-undef

src/pages/SettingsPage.js
  Line 538:23:  'connectionStatus' is not defined  no-undef
  Line 540:27:  'connectionStatus' is not defined  no-undef
  Line 544:24:  'connectionStatus' is not defined  no-undef
  Line 545:24:  'connectionStatus' is not defined  no-undef

Search for the keywords to learn more about each error.

webpack compiled with 1 error and 1 warning
[代理] GET /api/news/status -> http://localhost:5000/api/news/status
[代理] GET /api/news/status -> http://localhost:5000/api/news/status
[代理] GET /api/news/status -> http://localhost:5000/api/news/status
[代理] GET /api/news/status -> http://localhost:5000/api/news/status
[代理] GET /api/news/status -> http://localhost:5000/api/news/status
[代理] GET /api/news/status -> http://localhost:5000/api/news/status
[代理] GET /api/news/status -> http://localhost:5000/api/news/status
[代理] GET /api/news/status -> http://localhost:5000/api/news/status
[代理] GET /api/news/latest?page=1&limit=12 -> http://localhost:5000/api/news/latest?page=1&limit=12
[代理] GET /api/news/status -> http://localhost:5000/api/news/status
[代理] GET /api/news/status -> http://localhost:5000/api/news/status
[代理] GET /api/news/latest?page=62&limit=12 -> http://localhost:5000/api/news/latest?page=62&limit=12
[代理] GET /api/news/status -> http://localhost:5000/api/news/status
[代理] GET /api/news/status -> http://localhost:5000/api/news/status
The build failed because the process exited too early. This probably means the system ran out of memory or someone called `kill -9` on the process.
